AvdId=gphotos-tablet
PlayStore.enabled=false
Zeta.key=last=with=equals
abi.type=x86_64
avd.ini.encoding=UTF-8
disk.dataPartition.size=16384M
hw.cpu.arch=x86_64
hw.cpu.ncore=4
hw.gpu.enabled=yes
hw.gpu.mode=host
hw.keyboard=yes
hw.lcd.density=210
hw.lcd.height=1440
hw.lcd.width=2560
hw.ramSize=6144
hw.sdCard=yes
image.sysdir.1=system-images\android-37.0\google_apis\x86_64\
sdcard.path=C:\avd\gphotos-tablet.avd\sdcard.img
showDeviceFrame=no
skin.path=_no_skin
tag.id=google_apis
vm.heapSize=512M
